// Jest Snapshot v1, https://goo.gl/fbAQLP

exports[`Nav component matches snapshot 1`] = `
<DocumentFragment>
  <div
    class="d-flex flex-wrap align-items-center p-3 container"
  >
    <img
      alt="Logo"
      class="Logo"
      src="https://spacetravellerhubcapstone.netlify.app/static/media/planet.3f6fb2742f28651730c0.png"
      style="width: 50px;"
    />
    <h3>
      Space Travelers' Hub
    </h3>
    <ul
      class="list-unstyled m-2 p-2 d-flex flex-wrap"
      style="justify-content: flex-end; flex: 2;"
    >
      <li
        class="m-2"
      >
        <a
          aria-current="page"
          class="active-link"
          href="/"
        >
          Rockets
        </a>
      </li>
      <li
        class="m-2"
      >
        <a
          class="link"
          href="/Mission"
        >
          Mission
        </a>
      </li>
      <li
        class="m-2"
      >
        <a
          class="link"
          href="/MyProfile"
        >
          My Profile
        </a>
      </li>
    </ul>
  </div>
</DocumentFragment>
`;
